// Vitest Snapshot v1

exports[`<ErrorMessage /> > should render the heading 1`] = `
<p
  class="sc-bcXHqe jPkqUO"
>
  &lt;p&gt;Child element&lt;/p&gt;
</p>
`;
